/Users/izbassar/Documents/Projects/reformer-digital-twin/.venv/lib/python3.14/site-packages/sklearn/gaussian_process/kernels.py:455: ConvergenceWarning: The optimal value found for dimension 1 of parameter k1__k2__length_scale is close to the specified upper bound 1000.0. Increasing the bound and calling fit again may find a better value.
  warnings.warn(
/Users/izbassar/Documents/Projects/reformer-digital-twin/.venv/lib/python3.14/site-packages/sklearn/gaussian_process/kernels.py:455: ConvergenceWarning: The optimal value found for dimension 4 of parameter k1__k2__length_scale is close to the specified upper bound 1000.0. Increasing the bound and calling fit again may find a better value.
  warnings.warn(
/Users/izbassar/Documents/Projects/reformer-digital-twin/.venv/lib/python3.14/site-packages/sklearn/gaussian_process/kernels.py:455: ConvergenceWarning: The optimal value found for dimension 6 of parameter k1__k2__length_scale is close to the specified upper bound 1000.0. Increasing the bound and calling fit again may find a better value.
  warnings.warn(
/Users/izbassar/Documents/Projects/reformer-digital-twin/.venv/lib/python3.14/site-packages/sklearn/gaussian_process/kernels.py:455: ConvergenceWarning: The optimal value found for dimension 7 of parameter k1__k2__length_scale is close to the specified upper bound 1000.0. Increasing the bound and calling fit again may find a better value.
  warnings.warn(
/Users/izbassar/Documents/Projects/reformer-digital-twin/.venv/lib/python3.14/site-packages/sklearn/gaussian_process/kernels.py:455: ConvergenceWarning: The optimal value found for dimension 1 of parameter k1__k2__length_scale is close to the specified upper bound 1000.0. Increasing the bound and calling fit again may find a better value.
  warnings.warn(
/Users/izbassar/Documents/Projects/reformer-digital-twin/.venv/lib/python3.14/site-packages/sklearn/gaussian_process/kernels.py:455: ConvergenceWarning: The optimal value found for dimension 4 of parameter k1__k2__length_scale is close to the specified upper bound 1000.0. Increasing the bound and calling fit again may find a better value.
  warnings.warn(
/Users/izbassar/Documents/Projects/reformer-digital-twin/.venv/lib/python3.14/site-packages/sklearn/gaussian_process/kernels.py:455: ConvergenceWarning: The optimal value found for dimension 6 of parameter k1__k2__length_scale is close to the specified upper bound 1000.0. Increasing the bound and calling fit again may find a better value.
  warnings.warn(
/Users/izbassar/Documents/Projects/reformer-digital-twin/.venv/lib/python3.14/site-packages/sklearn/gaussian_process/kernels.py:455: ConvergenceWarning: The optimal value found for dimension 7 of parameter k1__k2__length_scale is close to the specified upper bound 1000.0. Increasing the bound and calling fit again may find a better value.
  warnings.warn(
/Users/izbassar/Documents/Projects/reformer-digital-twin/.venv/lib/python3.14/site-packages/sklearn/gaussian_process/kernels.py:455: ConvergenceWarning: The optimal value found for dimension 15 of parameter k1__k2__length_scale is close to the specified upper bound 1000.0. Increasing the bound and calling fit again may find a better value.
  warnings.warn(
convergence: {'S1_base': 1.0, 'RQ3_knee': 1.0, 'RQ3_min_life_iso_H2': 1.0, 'S5_y4_holdslip_end': 1.0, 'S6_SC2.5': 1.0, 'S6_SC3.5': 1.0, 'load_0.70': 1.0, 'load_0.85': 1.0, 'load_1.00': 1.0}
S1_base                T_wo 1146.5 [1128.0,1170.2] w=42.2 | log10 t_r 7.87 [7.01,8.69] | life/kmol rel base 1.000 [1.000,1.000]
RQ3_knee               T_wo 1127.1 [1102.5,1159.0] w=56.5 | log10 t_r 8.43 [7.46,9.33] | life/kmol rel base 0.234 [0.141,0.431]
RQ3_min_life_iso_H2    T_wo 1122.6 [1100.2,1152.2] w=52.0 | log10 t_r 8.54 [7.59,9.42] | life/kmol rel base 0.209 [0.146,0.342]
S5_y4_holdslip_end     T_wo 1167.0 [1139.8,1205.4] w=65.6 | log10 t_r 7.32 [6.23,8.26] | life/kmol rel base 3.488 [1.852,9.218]
S6_SC2.5               T_wo 1147.3 [1129.7,1167.6] w=38.0 | log10 t_r 7.85 [7.00,8.65] | life/kmol rel base 1.150 [0.908,1.329]
S6_SC3.5               T_wo 1145.2 [1127.0,1173.7] w=46.7 | log10 t_r 7.91 [7.00,8.78] | life/kmol rel base 0.839 [0.589,1.132]
load_0.70              T_wo 1139.1 [1123.7,1157.0] w=33.3 | log10 t_r 8.05 [7.21,8.86] | life/kmol rel base 0.941 [0.625,1.308]
load_0.85              T_wo 1142.6 [1125.3,1163.4] w=38.1 | log10 t_r 7.97 [7.11,8.78] | life/kmol rel base 0.942 [0.778,1.108]
nominal inside: {'S1_base': {'T_wo_max_K': True, 'T_out_K': True, 'CH4_slip_dry_pct': True, 'log10_t_r': True}, 'RQ3_knee': {'T_wo_max_K': True, 'T_out_K': True, 'CH4_slip_dry_pct': True, 'log10_t_r': True}, 'RQ3_min_life_iso_H2': {'T_wo_max_K': True, 'T_out_K': True, 'CH4_slip_dry_pct': True, 'log10_t_r': True}, 'S5_y4_holdslip_end': {'T_wo_max_K': True, 'T_out_K': True, 'CH4_slip_dry_pct': True, 'log10_t_r': True}, 'S6_SC2.5': {'T_wo_max_K': True, 'T_out_K': True, 'CH4_slip_dry_pct': True, 'log10_t_r': True}, 'S6_SC3.5': {'T_wo_max_K': True, 'T_out_K': True, 'CH4_slip_dry_pct': True, 'log10_t_r': True}, 'load_0.70': {'T_wo_max_K': True, 'T_out_K': True, 'CH4_slip_dry_pct': True, 'log10_t_r': True}, 'load_0.85': {'T_wo_max_K': True, 'T_out_K': True, 'CH4_slip_dry_pct': True, 'log10_t_r': True}}
variance shares: {
 "log10_t_r": {
  "joint_variance": 0.2599887348562727,
  "shares": {
   "kinetics": 0.23547161307077494,
   "heat_transfer": 0.04940713468934003,
   "creep": 0.6214986867215784,
   "measurement": 0.09354573348961334
  },
  "sum_of_shares": 0.9999231679713066,
  "interaction_residual": 7.683202869335215e-05
 },
 "T_wo_max_K": {
  "joint_variance": 169.47498497851373,
  "shares": {
   "kinetics": 0.5054344712765023,
   "heat_transfer": 0.10570204326788034,
   "creep": 0.20871871928314606,
   "measurement": 0.19687812476345787
  },
  "sum_of_shares": 1.0167333585909866,
  "interaction_residual": -0.01673335859098657
 }
}
robustness: {
 "nominal_L_q": {
  "S5y4_life_gt_2x_S1": 0.90771484375,
  "knee_life_lt_0.5_base": 0.988037109375,
  "SC3.5_less_life_per_kmol_than_SC2.5": 0.82666015625,
  "S2_life_per_kmol_le_S1": 0.60791015625,
  "S3_life_per_kmol_le_S1": 0.660888671875
 },
 "load_dependent_L_q": {
  "S5y4_life_gt_2x_S1": 0.90771484375,
  "knee_life_lt_0.5_base": 0.997802734375,
  "SC3.5_less_life_per_kmol_than_SC2.5": 0.82666015625,
  "S2_life_per_kmol_le_S1": 0.0,
  "S3_life_per_kmol_le_S1": 0.0009765625
 }
}
log10_t_r R2 0.9991 group ST {'kinetics': 0.221, 'heat_transfer': 0.115, 'creep': 0.661, 'measurement': 0.033} group S1 {'kinetics': 0.201, 'heat_transfer': 0.113, 'creep': 0.658, 'measurement': 0.035}
T_wo_max_K R2 0.9996 group ST {'kinetics': 0.624, 'heat_transfer': 0.3, 'creep': 0.093, 'measurement': 0.092} group S1 {'kinetics': 0.507, 'heat_transfer': 0.294, 'creep': 0.086, 'measurement': 0.099}
DONE 19 s
